// Jest Snapshot v1, https://goo.gl/fbAQLP

exports[`BitcoinDisplay Displays 100000000 satoshis as bitcoin (BTC) 1`] = `
<span
  className={undefined}
>
  N/A
</span>
`;
