// Jest Snapshot v1, https://goo.gl/fbAQLP

exports[`CurrencyDisplay Displays 100000000 satoshis as local currency 1`] = `
<div
  className="button sc-bdVaJa kwhmts"
>
  N/A
</div>
`;
